// Jest Snapshot v1, https://goo.gl/fbAQLP

exports[`Pruebas en el <LoginScreen /> el wrapper debe hacer match con el snapshot  1`] = `
Array [
  <h3
    className="auth__title "
  >
    Login
  </h3>,
  <form
    onSubmit={[Function]}
  >
    <input
      autoComplete="off"
      className="auth__input"
      name="email"
      onChange={[Function]}
      placeholder="email"
      type="text"
      value=""
    />
    <input
      autoComplete="off"
      className="auth__input"
      name="password"
      onChange={[Function]}
      placeholder="password"
      type="password"
      value=""
    />
    <button
      className="btn btn-primary btn-block"
      disabled={false}
      onClick={[Function]}
      type="submit"
    >
      Login
    </button>
    <div
      className="auth__social-networks"
    >
      <p>
        Ingresa con redes socieales
      </p>
      <div
        className="google-btn"
        disabled={false}
        onClick={[Function]}
      >
        <div
          className="google-icon-wrapper"
        >
          <img
            alt="google button"
            className="google-icon"
            src="https://upload.wikimedia.org/wikipedia/commons/5/53/Google_%22G%22_Logo.svg"
          />
        </div>
        <p
          className="btn-text"
        >
          <b>
            Sign in with google
          </b>
        </p>
      </div>
      <br />
    </div>
    <a
      className="link"
      href="/auth/register"
      onClick={[Function]}
    >
      Crear nueva cuenta
    </a>
  </form>,
]
`;
