// Jest Snapshot v1, https://goo.gl/fbAQLP

exports[`Pruebas en el <NoteScreen /> debe de mostrar el NoteScreen  1`] = `
<div
  className="notes__main-content animate__animated  animate__fadeIn animate__fast 800ms "
>
  <div
    className="notes__appbar"
  >
    <span>
      43443243244234
       
    </span>
    <input
      id="fileSelector"
      name="file"
      onChange={[Function]}
      style={
        Object {
          "display": "none",
        }
      }
      type="file"
    />
    <div>
      <button
        className="btn"
        onClick={[Function]}
      >
        Picture
      </button>
      <button
        className="btn"
        onClick={[Function]}
      >
        Guardar
      </button>
    </div>
  </div>
  <div
    className="notes__content animate__animated animate__fadeIn "
  >
    <input
      className="notes__title-input animate__animated animate__fadeIn "
      name="title"
      onChange={[Function]}
      placeholder="Agrega un buen titulo"
      type="text"
      value="hola"
    />
    <textarea
      className="notes__textarea animate__animated animate__fadeIn "
      name="body"
      onChange={[Function]}
      placeholder="Â¿Que a pasado hoy?"
      value="body"
    />
  </div>
  <button
    className="btn btn-danger animate__animated animate__fadeIn animate__fast	800ms"
    onClick={[Function]}
  >
    Eliminar
  </button>
</div>
`;
