// Jest Snapshot v1, https://goo.gl/fbAQLP

exports[`Prueban en < JournalEntry /> debe de mostrar correctamente el componente   1`] = `
<div
  className="journal__entry pointer animate__animated animate__fadeIn animate__fast "
  onClick={[Function]}
>
  <div
    className="journal__entry-picture"
    style={
      Object {
        "backgroundImage": "url(www.houn.lo)",
        "backgroundSize": "cover",
      }
    }
  />
  <div
    className="journal__entry-body"
  >
    <p
      className="journal__entry-title"
    >
       hola q tal
    </p>
    <p
      className="journal__entry-content"
    >
      bodybulding
    </p>
  </div>
  <div
    className="journal__entry-date-box"
  >
    <span>
      Thursday
    </span>
    <h4>
      11th
    </h4>
    <h5>
      November
    </h5>
  </div>
</div>
`;
